[14:54:13] 1D: bootstrap (B=499, mean block length 20 bars)
[14:54:44] M30: bootstrap (B=499, mean block length 200 bars)
[14:59:14] H1: bootstrap (B=499, mean block length 100 bars)
[15:00:53] H4: bootstrap (B=499, mean block length 40 bars)
   timeframe                   pair       stat      estimate        ci_lo
10        1D              Pcap-VN30    avg_rel  0.8836767069  0.858435567
11        1D              Pcap-VN30 slope_full  0.0014025753 -0.025525482
12        1D              Pcap-VN30  slope_rel -0.0039864688 -0.015671928
13        1D nested_mean-minus-Pcap        gap  0.0930126872  0.065276164
23       M30              Pcap-VN30    avg_rel  0.8828679181  0.856433224
24       M30              Pcap-VN30 slope_full  0.0024763460 -0.010154681
25       M30              Pcap-VN30  slope_rel  0.0016715553 -0.004549808
35       M30 nested_mean-minus-Pcap        gap  0.0961696074  0.070479554
45        H1              Pcap-VN30    avg_rel  0.8891399167  0.867649233
46        H1              Pcap-VN30 slope_full -0.0003082108 -0.013655736
47        H1              Pcap-VN30  slope_rel  0.0020008182 -0.003523134
48        H1 nested_mean-minus-Pcap        gap  0.0863460122  0.059690484
58        H4              Pcap-VN30    avg_rel  0.8895734296  0.868767210
59        H4              Pcap-VN30 slope_full  0.0001090909 -0.017615255
60        H4              Pcap-VN30  slope_rel -0.0020263095 -0.012408551
61        H4 nested_mean-minus-Pcap        gap  0.0867879636  0.061088783
         ci_hi     boot_se p_two_sided
10 0.903934357 0.011997224   0.0000000
11 0.011822787 0.009051454   0.9058116
12 0.008494935 0.006080798   0.5731463
13 0.123724859 0.015237203   0.0000000
23 0.900820639 0.011921744   0.0000000
24 0.009295100 0.005106817   0.8176353
25 0.007831808 0.003211002   0.5170341
35 0.125732813 0.014312070   0.0000000
45 0.906399683 0.009878762   0.0000000
46 0.008945027 0.005838064   0.9258517
47 0.008911326 0.003364577   0.3887776
48 0.115507739 0.014450831   0.0000000
58 0.906269617 0.009947995   0.0000000
59 0.010281118 0.007275043   0.9138277
60 0.006739267 0.004706781   0.7575150
61 0.113525425 0.013971680   0.0000000
  panel          pair n_low n_high   rho_low  rho_high    delta  rho_star
1     A  VN30-VNINDEX  1000    539 0.9587586 0.9778740 2.208951 0.9337813
2     A    VN30-VN100  1000    539 0.9828364 0.9923225 2.208951 0.9759714
3     A VN100-VNINDEX  1000    539 0.9655074 0.9847458 2.208951 0.9533819
4     A     Pcap-VN30  1000    539 0.8473337 0.9240411 2.208951 0.8034126
5     B  VN30-VNINDEX   739    739 0.9212304 0.9808676 7.060032 0.8712142
6     B    VN30-VN100   739    739 0.9731955 0.9924997 7.060032 0.9439514
7     B VN100-VNINDEX   739    739 0.9342723 0.9866231 7.060032 0.9053422
8     B     Pcap-VN30   739    739 0.7265420 0.9284338 7.060032 0.6607510
          diff       ci_lo        ci_hi     boot_se p_one_sided power_at_0.05
1 -0.024977280 -0.04253542 -0.011321634 0.007945127   0.9969985     0.9999983
2 -0.006864982 -0.01619436  0.001157709 0.004353221   0.9329665     1.0000000
3 -0.012125506 -0.02431139  0.001232146 0.006484550   0.9699850     1.0000000
4 -0.043921093 -0.08194925  0.001139437 0.020948082   0.9849925     0.7709563
5 -0.050016246 -0.07276275 -0.025350024 0.012216245   0.9994997     0.9928186
6 -0.029244138 -0.04326425 -0.014588724 0.007526739   1.0000000     0.9999997
7 -0.028930041 -0.05611583 -0.001908152 0.013941906   0.9784892     0.9738985
8 -0.065790982 -0.13227578  0.007641977 0.035046827   0.9744872     0.4136402
   panel          pair regime rho_static rho_regime     RE_pct        ci_lo
1      A  VN30-VNINDEX    low  0.9666965  0.9587586  0.4048954 -0.089016013
2      A  VN30-VNINDEX   high  0.9666965  0.9778740 -0.5648450 -0.757411007
3      A    VN30-VN100    low  0.9884756  0.9828364  0.2843934  0.144624330
4      A    VN30-VN100   high  0.9884756  0.9923225 -0.1930786 -0.297934527
5      A VN100-VNINDEX    low  0.9756784  0.9655074  0.5171418 -0.002011534
6      A VN100-VNINDEX   high  0.9756784  0.9847458 -0.4567601 -0.623492737
7      A     Pcap-VN30    low  0.8885800  0.8473337  2.2287138  0.912672538
8      A     Pcap-VN30   high  0.8885800  0.9240411 -1.8430503 -2.632217075
9      B  VN30-VNINDEX    low  0.9666965  0.9212304  2.3537832  1.595798238
10     B  VN30-VNINDEX   high  0.9666965  0.9808676 -0.7149650 -0.896726864
11     B    VN30-VN100    low  0.9884756  0.9731955  0.7734950  0.496448937
12     B    VN30-VN100   high  0.9884756  0.9924997 -0.2019644 -0.295191588
13     B VN100-VNINDEX    low  0.9756784  0.9342723  2.1373915  1.420088018
14     B VN100-VNINDEX   high  0.9756784  0.9866231 -0.5506715 -0.750497474
15     B     Pcap-VN30    low  0.8885800  0.7265420  9.3845824  6.197943213
16     B     Pcap-VN30   high  0.8885800  0.9284338 -2.0661695 -2.838876985
         ci_hi
1   1.17774515
2  -0.33319445
3   0.41996516
4  -0.07621008
5   1.21447207
6  -0.23409448
7   3.93884082
8  -0.94636255
9   3.26304222
10 -0.49875574
11  1.13511464
12 -0.10053714
13  3.11214286
14 -0.32524467
15 13.45815165
16 -1.24542456
[15:02:33] GARCH-t reliability
    timeframe     n s_rel_gaussian s_rel_garch_t pcap_avg_conservative
1D         1D  2963             50            20             0.8849188
M30       M30 21942            444           151             0.8824937
H1         H1 13523            233            86             0.8885965
H4         H4  5410             88            28             0.8899416
    nested_avg_conservative
1D                0.9765317
M30               0.9785423
H1                0.9748609
H4                0.9762164
[15:03:40] MF-DCCA surrogates
      timeframe          pair    dh_obs dh_shuffled_mean dh_shuffled_q95
95%          1D  VN30-VNINDEX 0.4198686        0.3522688       0.4480742
95%1         1D    VN30-VN100 0.3015284        0.2886134       0.3639809
95%2         1D VN100-VNINDEX 0.3622867        0.3333871       0.4289121
95%3         1D     Pcap-VN30 0.6555724        0.4795940       0.5771204
95%4        M30  VN30-VNINDEX 0.4039401        0.3757847       0.4544758
95%11       M30    VN30-VN100 0.3402416        0.3124524       0.3648170
95%21       M30 VN100-VNINDEX 0.4309648        0.3567288       0.4138427
95%31       M30     Pcap-VN30 0.4946723        0.4928502       0.5681850
95%5         H1  VN30-VNINDEX 0.3277111        0.3338475       0.4101383
95%12        H1    VN30-VN100 0.2521236        0.2618270       0.3187413
95%22        H1 VN100-VNINDEX 0.3963770        0.3148792       0.3949300
95%32        H1     Pcap-VN30 0.4352626        0.4536820       0.5387505
95%6         H4  VN30-VNINDEX 0.4012084        0.3360127       0.4250360
95%13        H4    VN30-VN100 0.2934886        0.2802988       0.3533050
95%23        H4 VN100-VNINDEX 0.3255821        0.3267914       0.3957245
95%33        H4     Pcap-VN30 0.4724778        0.4541378       0.5302159
      exceeds_q95
95%         FALSE
95%1        FALSE
95%2        FALSE
95%3         TRUE
95%4        FALSE
95%11       FALSE
95%21        TRUE
95%31       FALSE
95%5        FALSE
95%12       FALSE
95%22        TRUE
95%32       FALSE
95%6        FALSE
95%13       FALSE
95%23       FALSE
95%33       FALSE
[15:05:26] DONE
