[13:49:28] 1D: N=2963 2014-02-06 .. 2025-12-12
[13:49:28] M30: N=21942 2017-01-03 .. 2025-12-12
[13:49:28] H1: N=13523 2014-01-27 .. 2024-12-09
[13:49:28] H4: N=5410 2014-01-27 .. 2024-12-09
[13:49:28] Monte Carlo reliability thresholds
  timeframe     n s_rel first_violation n_sims
1        1D  2963    50              57   1002
2       M30 21942   444             532   1002
3        H1 13523   233             276   1002
4        H4  5410    88             102   1002
[13:53:07] DCCA curves
            panel timeframe     n      first       last nested_mean
Pcap-VN30       A        1D  1983 2017-01-03 2024-12-09   0.9800328
Pcap-VN301      A       M30 19463 2017-01-03 2024-12-09   0.9786067
Pcap-VN302      A        H1  9879 2017-01-03 2024-12-09   0.9794497
Pcap-VN303      A        H4  3953 2017-01-03 2024-12-09   0.9802549
Pcap-VN304      B        1D  2963 2014-02-06 2025-12-12   0.9766894
Pcap-VN3011     B       M30 21942 2017-01-03 2025-12-12   0.9790375
Pcap-VN3021     B        H1 13523 2014-01-27 2024-12-09   0.9754859
Pcap-VN3031     B        H4  5410 2014-01-27 2024-12-09   0.9763614
            VN30-VNINDEX VN30-VN100 VN100-VNINDEX Pcap-VN30        gap
Pcap-VN30      0.9702288  0.9880442     0.9818255 0.8904441 0.08958868
Pcap-VN301     0.9678249  0.9878812     0.9801140 0.8895816 0.08902515
Pcap-VN302     0.9690703  0.9879124     0.9813665 0.8907223 0.08872746
Pcap-VN303     0.9705688  0.9879988     0.9821972 0.8915422 0.08871274
Pcap-VN304     0.9665156  0.9876386     0.9759140 0.8836767 0.09301269
Pcap-VN3011    0.9689080  0.9869023     0.9813023 0.8828679 0.09616961
Pcap-VN3021    0.9642529  0.9881477     0.9740572 0.8891399 0.08634601
Pcap-VN3031    0.9659697  0.9882301     0.9748844 0.8895734 0.08678796
[13:53:12] MF-DCCA
       start        end trading_days max_drawdown_pct share_high_vol_days
1 2018-01-01 2018-12-31          249        -26.20876           0.4658635
2 2020-01-01 2020-06-30          121        -33.51118           0.5206612
3 2022-04-01 2022-11-30          169        -40.19151           0.5976331
4 2025-03-01 2025-06-30           82        -18.10725           0.3048780
  peak_vol_ann_pct
1         36.54314
2         52.50851
3         42.22110
4         48.80051
   panel      pair   rho_low  rho_high s_used n_low n_high    delta  rho_star
4      A Pcap-VN30 0.8435621 0.9238567     20  1000    539 2.208951 0.8030239
11     B Pcap-VN30 0.6332815 0.9290802     18   739    739 7.060032 0.6626349
           se          t p_one_sided
4  0.01780983 -2.2761689   0.9885820
11 0.03018599  0.9724179   0.1654213
  panel          pair     sigma1     sigma2    ratio      adj rho_static
1     A  VN30-VNINDEX 0.01213071 0.01154079 1.051117 1.001243  0.9666965
2     A    VN30-VN100 0.01213071 0.01191043 1.018495 1.000168  0.9884756
3     A VN100-VNINDEX 0.01191043 0.01154079 1.032029 1.000497  0.9756784
4     A     Pcap-VN30 0.01238402 0.01213071 1.020881 1.000214  0.8885800
5     B  VN30-VNINDEX 0.01213071 0.01154079 1.051117 1.001243  0.9666965
6     B    VN30-VN100 0.01213071 0.01191043 1.018495 1.000168  0.9884756
7     B VN100-VNINDEX 0.01191043 0.01154079 1.032029 1.000497  0.9756784
8     B     Pcap-VN30 0.01238402 0.01213071 1.020881 1.000214  0.8885800
    rho_low  rho_high     RE_low    RE_high RE_low_eqvol RE_high_eqvol
1 0.9552111 0.9795277  0.5870517 -0.6477898    0.5874248    -0.6481965
2 0.9831822 0.9918078  0.2668884 -0.1672858    0.2669110    -0.1672999
3 0.9640839 0.9862470  0.5901739 -0.5319563    0.5903233    -0.5320894
4 0.8435621 0.9238567  2.4416136 -1.8334457    2.4418964    -1.8336493
5 0.9230152 0.9819338  2.2700314 -0.7683255    2.2714986    -0.7688073
6 0.9624903 0.9923391  1.3239802 -0.1939016    1.3240935    -0.1939179
7 0.9378020 0.9886635  1.9541058 -0.6527935    1.9546070    -0.6529566
8 0.6332815 0.9290802 15.6289698 -2.0992242   15.6310133    -2.0994566
            pair    range   intercept         slope hac_se_slope      p_slope
15  VN30-VNINDEX     full  0.96247387  1.576614e-03 3.731708e-04 2.292835e-04
16  VN30-VNINDEX reliable  0.96067348  2.180959e-03 4.977109e-04 4.066118e-04
17    VN30-VN100     full  0.98645404  9.097619e-05 1.901292e-04 6.360120e-01
18    VN30-VN100 reliable  0.98714955 -6.547758e-05 8.535004e-05 4.535068e-01
19 VN100-VNINDEX     full  0.97748222  8.642230e-04 3.965063e-04 3.785620e-02
20 VN100-VNINDEX reliable  0.97315594  2.157611e-03 4.345676e-04 1.179213e-04
21     Pcap-VN30     full  0.87310398  2.476346e-03 8.865775e-04 9.307353e-03
22     Pcap-VN30 reliable  0.87655675  1.671555e-03 9.671751e-04 1.020555e-01
23    Pheur-VN30     full -0.08462502  2.223297e-02 1.124425e-02 5.793147e-02
24    Pheur-VN30 reliable -0.11493921  2.892657e-02 5.241085e-03 3.754302e-05
25   Pratio-VN30     full -0.16693419  2.213123e-02 1.201954e-02 7.620007e-02
26   Pratio-VN30 reliable -0.19888956  2.909740e-02 4.996231e-03 2.033069e-05
27     Pres-VN30     full -0.01165962  2.201760e-02 1.039075e-02 4.309665e-02
28     Pres-VN30 reliable -0.03981598  2.829589e-02 5.374923e-03 6.325647e-05
    r_squared  n
15 0.48555681 30
16 0.68350010 19
17 0.02034773 30
18 0.03910855 19
19 0.29784532 30
20 0.76635033 19
21 0.27390545 30
22 0.21282955 19
23 0.29306294 30
24 0.72381668 19
25 0.26826416 30
26 0.73572535 19
27 0.31677934 30
28 0.71196977 19
[13:53:15] weight sensitivity
          w rho_mean_1D gap_vs_nested   slope_M30      p_slope   rho_low
1 0.6000000   0.9243103    0.05237914 0.001369252 0.0677320667 0.8972553
2 0.6500000   0.9027549    0.07393446 0.001940205 0.0248867554 0.8686035
3 0.6826147   0.8836767    0.09301269 0.002476346 0.0093073527 0.8435621
4 0.7200000   0.8546502    0.12203918 0.003331398 0.0018691073 0.8060600
5 0.7500000   0.8235940    0.15309541 0.004281321 0.0003421425 0.7667471
   rho_high tightening
1 0.9505715 0.05331621
2 0.9364495 0.06784600
3 0.9238567 0.08029466
4 0.9044914 0.09843135
5 0.8834525 0.11670541
[13:53:15] figures
Warning message:
Removed 9 rows containing missing values (`geom_line()`). 
Warning message:
Removed 9 rows containing missing values (`geom_line()`). 
[13:53:18] DONE
